LmHandler.c:298:24:LmHandlerInit	16	static
LmHandler.c:326:24:LmHandlerConfigure	120	static
LmHandler.c:413:6:LmHandlerIsBusy	8	static
LmHandler.c:434:6:LmHandlerProcess	16	static
LmHandler.c:454:23:LmHandlerJoinStatus	48	static
LmHandler.c:479:6:LmHandlerJoin	80	static
LmHandler.c:562:24:LmHandlerStop	8	static
LmHandler.c:574:24:LmHandlerSend	56	static
LmHandler.c:671:24:LmHandlerRequestClass	56	static
LmHandler.c:757:24:LmHandlerPackageRegister	24	static
LmHandler.c:791:9:LmHandlerGetCurrentClass	56	static
LmHandler.c:809:9:LmHandlerGetTxDatarate	56	static
LmHandler.c:828:9:LmHandlerGetActiveRegion	16	static
LmHandler.c:839:9:LmHandlerGetDevEUI	16	static
LmHandler.c:850:9:LmHandlerSetDevEUI	16	static
LmHandler.c:877:9:LmHandlerGetAppEUI	16	static
LmHandler.c:889:9:LmHandlerSetAppEUI	16	static
LmHandler.c:904:9:LmHandlerGetNetworkID	16	static
LmHandler.c:915:9:LmHandlerSetNetworkID	16	static
LmHandler.c:930:9:LmHandlerGetDevAddr	16	static
LmHandler.c:941:9:LmHandlerSetDevAddr	16	static
LmHandler.c:960:9:LmHandlerSetActiveRegion	16	static
LmHandler.c:975:9:LmHandlerGetAdrEnable	16	static
LmHandler.c:986:9:LmHandlerSetAdrEnable	56	static
LmHandler.c:1000:9:LmHandlerSetTxDatarate	56	static
LmHandler.c:1020:9:LmHandlerGetDutyCycleEnable	16	static
LmHandler.c:1031:9:LmHandlerSetDutyCycleEnable	16	static
LmHandler.c:1039:9:LmHandlerGetRX2Params	56	static
LmHandler.c:1059:9:LmHandlerGetTxPower	56	static
LmHandler.c:1077:9:LmHandlerGetRx1Delay	56	static
LmHandler.c:1095:9:LmHandlerGetRx2Delay	56	static
LmHandler.c:1113:9:LmHandlerGetJoinRx1Delay	56	static
LmHandler.c:1131:9:LmHandlerGetJoinRx2Delay	56	static
LmHandler.c:1149:9:LmHandlerSetTxPower	56	static
LmHandler.c:1163:9:LmHandlerSetRX2Params	56	static
LmHandler.c:1178:9:LmHandlerSetRx1Delay	56	static
LmHandler.c:1191:9:LmHandlerSetRx2Delay	56	static
LmHandler.c:1204:9:LmHandlerSetJoinRx1Delay	56	static
LmHandler.c:1217:9:LmHandlerSetJoinRx2Delay	56	static
LmHandler.c:1230:9:LmHandlerGetPingPeriodicity	16	static
LmHandler.c:1245:9:LmHandlerSetPingPeriodicity	16	static
LmHandler.c:1264:9:LmHandlerGetBeaconState	16	static
LmHandler.c:1294:31:LmHandlerDeviceTimeReq	32	static
LmHandler.c:1363:13:McpsConfirm	16	static
LmHandler.c:1378:13:McpsIndication	40	static
LmHandler.c:1424:13:MlmeConfirm	56	static
LmHandler.c:1517:13:MlmeIndication	16	static
LmHandler.c:1568:13:LmHandlerPackageIsInitialized	16	static
LmHandler.c:1580:13:LmHandlerPackagesNotify	24	static
LmHandler.c:1621:13:DisplayClassUpdate	24	static
