stm32wlxx_ll_rcc.h:1972:22:LL_RCC_SetClkAfterWakeFromStop	16	static
stm32wlxx_ll_bus.h:449:22:LL_AHB2_GRP1_EnableClock	24	static
stm32wlxx_ll_bus.h:489:22:LL_AHB2_GRP1_DisableClock	16	static
stm32wlxx_ll_system.h:1879:26:LL_FLASH_GetUDN	4	static
stm32wlxx_ll_system.h:1889:26:LL_FLASH_GetDeviceID	4	static
stm32wlxx_ll_system.h:1899:26:LL_FLASH_GetSTCompanyID	4	static
sys_app.c:95:6:SystemApp_Init	8	static
sys_app.c:141:6:UTIL_SEQ_Idle	8	static
sys_app.c:152:9:GetBatteryLevel	24	static
sys_app.c:186:10:GetTemperatureLevel	16	static
sys_app.c:197:6:GetUniqueId	40	static
sys_app.c:237:10:GetDevAddr	24	static
sys_app.c:262:13:TimestampNow	32	static
sys_app.c:275:13:Gpio_PreInit	32	static
sys_app.c:315:6:UTIL_ADV_TRACE_PreSendHook	8	static
sys_app.c:326:6:UTIL_ADV_TRACE_PostSendHook	8	static
sys_app.c:337:13:tiny_snprintf_like	24	static
sys_app.c:362:19:HAL_InitTick	16	static
sys_app.c:379:10:HAL_GetTick	8	static
sys_app.c:396:6:HAL_Delay	16	static
