core_cm4.h:1933:34:__NVIC_SystemReset	4	static,ignoring_inline_asm
lora_at.c:134:6:AT_event_join	16	static
lora_at.c:152:6:AT_event_receive	72	static
lora_at.c:190:6:AT_event_confirm	16	static
lora_at.c:204:12:AT_return_ok	16	static
lora_at.c:209:12:AT_return_error	16	static
lora_at.c:214:12:AT_reset	16	static
lora_at.c:225:12:AT_Region_get	80	static
lora_at.c:249:12:AT_Region_set	24	static
lora_at.c:275:12:AT_DevEUI_get	24	static
lora_at.c:293:12:AT_DevEUI_set	48	static
lora_at.c:317:12:AT_JoinEUI_get	24	static
lora_at.c:335:12:AT_JoinEUI_set	48	static
lora_at.c:359:12:AT_DevAddr_get	24	static
lora_at.c:377:12:AT_DevAddr_set	24	static
lora_at.c:399:12:AT_ADR_get	24	static
lora_at.c:417:12:AT_ADR_set	16	static
lora_at.c:438:12:AT_TransmitPower_get	24	static
lora_at.c:456:12:AT_TransmitPower_set	24	static
lora_at.c:478:12:AT_DataRate_get	24	static
lora_at.c:496:12:AT_DataRate_set	24	static
lora_at.c:523:12:AT_DutyCycle_get	24	static
lora_at.c:541:12:AT_DutyCycle_set	16	static
lora_at.c:562:12:AT_Rx2Frequency_get	24	static
lora_at.c:576:12:AT_Rx2DataRate_get	24	static
lora_at.c:590:12:AT_Rx1Delay_get	24	static
lora_at.c:608:12:AT_Rx2Delay_get	24	static
lora_at.c:626:12:AT_JoinAcceptDelay1_get	24	static
lora_at.c:644:12:AT_JoinAcceptDelay2_get	24	static
lora_at.c:662:12:AT_Rx2Frequency_set	24	static
lora_at.c:688:12:AT_Rx2DataRate_set	24	static
lora_at.c:718:12:AT_Rx1Delay_set	24	static
lora_at.c:739:12:AT_Rx2Delay_set	24	static
lora_at.c:760:12:AT_JoinAcceptDelay1_set	24	static
lora_at.c:781:12:AT_JoinAcceptDelay2_set	24	static
lora_at.c:802:12:AT_NetworkID_get	24	static
lora_at.c:820:12:AT_NetworkID_set	24	static
lora_at.c:838:12:AT_DeviceClass_get	32	static
lora_at.c:893:12:AT_DeviceClass_set	24	static
lora_at.c:947:12:AT_PingSlot_get	24	static
lora_at.c:966:12:AT_PingSlot_set	24	static
lora_at.c:992:12:AT_LocalTime_get	96	static
lora_at.c:1015:12:AT_Join	16	static
lora_at.c:1038:12:AT_Send	48	static
lora_at.c:1162:12:AT_version_get	32	static
lora_at.c:1191:12:AT_bat_get	16	static
lora_at.c:1204:12:AT_test_txTone	16	static
lora_at.c:1222:12:AT_test_rxRssi	16	static
lora_at.c:1240:12:AT_test_tx	24	static
lora_at.c:1272:12:AT_test_tx_hopping	112	static
lora_at.c:1334:12:AT_test_rx	24	static
lora_at.c:1361:12:AT_write_register	24	static
lora_at.c:1393:12:AT_read_register	32	static
lora_at.c:1422:12:AT_verbose_set	24	static
lora_at.c:1450:12:AT_verbose_get	16	static
lora_at.c:1462:12:AT_test_get_config	176	static
lora_at.c:1519:12:AT_test_set_config	168	static
lora_at.c:1763:12:AT_test_stop	16	static
lora_at.c:1776:12:AT_Certif	24	static
lora_at.c:1808:16:sscanf_uint32_as_hhx	24	static
lora_at.c:1823:13:print_uint32_as_02x	32	static
lora_at.c:1838:13:print_8_02x	64	static
lora_at.c:1850:13:print_d	24	static
lora_at.c:1861:13:print_u	24	static
lora_at.c:1872:13:OnCertifTimer	16	static
lora_at.c:1883:13:CertifSend	8	static
lora_at.c:1900:16:Char2Nibble	16	static
lora_at.c:1923:16:stringToData	40	static
lora_at.c:1957:16:isHex	16	static
