LoRaMac.c:815:13:OnRadioTxDone	24	static
LoRaMac.c:829:13:OnRadioRxDone	24	static
LoRaMac.c:846:13:OnRadioTxTimeout	8	static
LoRaMac.c:857:13:OnRadioRxError	8	static
LoRaMac.c:867:13:OnRadioRxTimeout	8	static
LoRaMac.c:878:13:UpdateRxSlotIdleState	4	static
LoRaMac.c:890:13:ProcessRadioTxDone	64	static
LoRaMac.c:936:13:PrepareRxDoneAbort	8	static
LoRaMac.c:951:13:ProcessRadioRxDone	168	static
LoRaMac.c:1366:13:ProcessRadioTxTimeout	8	static
LoRaMac.c:1383:13:HandleRadioRxErrorTimeout	24	static
LoRaMac.c:1448:13:ProcessRadioRxError	8	static
LoRaMac.c:1453:13:ProcessRadioRxTimeout	8	static
LoRaMac.c:1458:13:LoRaMacHandleIrqEvents	24	static,ignoring_inline_asm
LoRaMac.c:1492:13:LoRaMacEnableRequests	16	static
LoRaMac.c:1497:13:LoRaMacHandleRequestEvents	16	static
LoRaMac.c:1541:13:LoRaMacHandleScheduleUplinkEvent	16	static
LoRaMac.c:1556:13:LoRaMacHandleIndicationEvents	40	static
LoRaMac.c:1583:13:LoRaMacHandleMcpsRequest	16	static
LoRaMac.c:1637:13:LoRaMacHandleMlmeRequest	8	static
LoRaMac.c:1658:16:LoRaMacCheckForBeaconAcquisition	8	static
LoRaMac.c:1672:13:LoRaMacCheckForRxAbort	4	static
LoRaMac.c:1682:13:OnTxDelayedTimerEvent	16	static
LoRaMac.c:1708:13:OnRxWindow1TimerEvent	16	static
LoRaMac.c:1720:13:OnRxWindow2TimerEvent	16	static
LoRaMac.c:1738:13:OnAckTimeoutTimerEvent	16	static
LoRaMac.c:1756:30:GetFCntDown	24	static
LoRaMac.c:1806:24:SwitchClass	32	static
LoRaMac.c:1890:16:GetMaxAppPayloadWithoutFOptsLength	32	static
LoRaMac.c:1911:13:ValidatePayloadLength	24	static
LoRaMac.c:1929:13:SetMlmeScheduleUplinkIndication	4	static
LoRaMac.c:1934:13:ProcessMacCommands	160	static
LoRaMac.c:2256:24:Send	64	static
LoRaMac.c:2342:24:SendReJoinReq	24	static
LoRaMac.c:2380:24:CheckForClassBCollision	8	static
LoRaMac.c:2401:13:ComputeRxWindowParameters	24	static
LoRaMac.c:2430:24:VerifyTxFrame	16	static
LoRaMac.c:2449:24:SerializeTxFrame	16	static
LoRaMac.c:2479:24:ScheduleTx	72	static
LoRaMac.c:2555:24:SecureFrame	24	static
LoRaMac.c:2597:13:CalculateBackOff	4	static
LoRaMac.c:2609:13:RemoveMacCommands	16	static
LoRaMac.c:2629:13:ResetMacParameters	24	static
LoRaMac.c:2687:13:RxWindowSetup	16	static
LoRaMac.c:2701:13:OpenContinuousRxCWindow	24	static
LoRaMac.c:2723:24:PrepareFrame	40	static
LoRaMac.c:2828:24:SendFrameOnChannel	48	static
LoRaMac.c:2891:24:SetTxContinuousWave	32	static
LoRaMac.c:2909:24:SetTxContinuousWave1	16	static
LoRaMac.c:2918:23:GetCtxs	16	static
LoRaMac.c:2933:24:RestoreCtxs	24	static
LoRaMac.c:2990:24:DetermineFrameType	16	static
LoRaMac.c:3042:13:CheckRetransUnconfirmedUplink	4	static
LoRaMac.c:3068:13:CheckRetransConfirmedUplink	4	static
LoRaMac.c:3086:13:StopRetransmission	4	static
LoRaMac.c:3107:13:AckTimeoutRetriesProcess	24	static
LoRaMac.c:3126:13:AckTimeoutRetriesFinalize	16	static
LoRaMac.c:3141:13:CallNvmCtxCallback	16	static
LoRaMac.c:3149:13:EventMacNvmCtxChanged	8	static
LoRaMac.c:3154:13:EventRegionNvmCtxChanged	8	static
LoRaMac.c:3159:13:EventCryptoNvmCtxChanged	8	static
LoRaMac.c:3164:13:EventSecureElementNvmCtxChanged	8	static
LoRaMac.c:3169:13:EventCommandsNvmCtxChanged	8	static
LoRaMac.c:3174:13:EventClassBNvmCtxChanged	8	static
LoRaMac.c:3179:13:EventConfirmQueueNvmCtxChanged	8	static
LoRaMac.c:3184:16:IsRequestPending	4	static
LoRaMac.c:3195:6:LoRaMacIsBusy	4	static
LoRaMac.c:3205:6:LoRaMacProcess	16	static
LoRaMac.c:3240:17:LoRaMacInitialization	112	static
LoRaMac.c:3461:17:LoRaMacStart	4	static
LoRaMac.c:3467:17:LoRaMacStop	8	static
LoRaMac.c:3481:17:LoRaMacQueryTxPossible	48	static
LoRaMac.c:3539:17:LoRaMacMibGetRequestConfirm	40	static
LoRaMac.c:3731:17:LoRaMacMibSetRequestConfirm	32	static
LoRaMac.c:4402:17:LoRaMacChannelAdd	40	static
LoRaMac.c:4422:17:LoRaMacChannelRemove	24	static
LoRaMac.c:4445:17:LoRaMacMcChannelSetup	40	static
LoRaMac.c:4509:17:LoRaMacMcChannelDelete	56	static
LoRaMac.c:4534:9:LoRaMacMcChannelGetGroupId	24	static
LoRaMac.c:4546:17:LoRaMacMcChannelSetupRxParams	32	static
LoRaMac.c:4612:17:LoRaMacMlmeRequest	40	static
LoRaMac.c:4766:17:LoRaMacMcpsRequest	56	static
LoRaMac.c:4880:6:LoRaMacTestSetDutyCycleOn	24	static
LoRaMac.c:4892:17:LoRaMacDeInitialization	8	static
