LoRaMacConfirmQueue.c:97:28:IncreaseBufferPointer	16	static
LoRaMacConfirmQueue.c:112:28:DecreaseBufferPointer	16	static
LoRaMacConfirmQueue.c:126:13:IsListEmpty	16	static
LoRaMacConfirmQueue.c:135:13:IsListFull	16	static
LoRaMacConfirmQueue.c:144:28:GetElement	32	static
LoRaMacConfirmQueue.c:166:6:LoRaMacConfirmQueueInit	16	static
LoRaMacConfirmQueue.c:189:6:LoRaMacConfirmQueueRestoreNvmCtx	16	static
LoRaMacConfirmQueue.c:203:7:LoRaMacConfirmQueueGetNvmCtx	16	static
LoRaMacConfirmQueue.c:209:6:LoRaMacConfirmQueueAdd	16	static
LoRaMacConfirmQueue.c:230:6:LoRaMacConfirmQueueRemoveLast	8	static
LoRaMacConfirmQueue.c:245:6:LoRaMacConfirmQueueRemoveFirst	8	static
LoRaMacConfirmQueue.c:260:6:LoRaMacConfirmQueueSetStatus	24	static
LoRaMacConfirmQueue.c:275:26:LoRaMacConfirmQueueGetStatus	24	static
LoRaMacConfirmQueue.c:290:6:LoRaMacConfirmQueueSetStatusCmn	24	static
LoRaMacConfirmQueue.c:312:26:LoRaMacConfirmQueueGetStatusCmn	4	static
LoRaMacConfirmQueue.c:317:6:LoRaMacConfirmQueueIsCmdActive	16	static
LoRaMacConfirmQueue.c:326:6:LoRaMacConfirmQueueHandleCb	24	static
LoRaMacConfirmQueue.c:361:9:LoRaMacConfirmQueueGetCnt	4	static
LoRaMacConfirmQueue.c:366:6:LoRaMacConfirmQueueIsFull	8	static
