LoRaMacClassB.c:546:6:LoRaMacClassBInit	24	static
LoRaMacClassB.c:570:6:LoRaMacClassBRestoreNvmCtx	16	static
LoRaMacClassB.c:588:7:LoRaMacClassBGetNvmCtx	16	static
LoRaMacClassB.c:599:6:LoRaMacClassBSetBeaconState	16	static
LoRaMacClassB.c:628:6:LoRaMacClassBSetPingSlotState	16	static
LoRaMacClassB.c:635:6:LoRaMacClassBSetMulticastSlotState	16	static
LoRaMacClassB.c:642:6:LoRaMacClassBIsAcquisitionInProgress	4	static
LoRaMacClassB.c:663:6:LoRaMacClassBBeaconTimerEvent	16	static
LoRaMacClassB.c:904:6:LoRaMacClassBPingSlotTimerEvent	16	static
LoRaMacClassB.c:1015:6:LoRaMacClassBMulticastSlotTimerEvent	16	static
LoRaMacClassB.c:1171:6:LoRaMacClassBRxBeacon	16	static
LoRaMacClassB.c:1288:6:LoRaMacClassBIsBeaconExpected	4	static
LoRaMacClassB.c:1302:6:LoRaMacClassBIsPingExpected	4	static
LoRaMacClassB.c:1315:6:LoRaMacClassBIsMulticastExpected	4	static
LoRaMacClassB.c:1328:6:LoRaMacClassBIsAcquisitionPending	4	static
LoRaMacClassB.c:1341:6:LoRaMacClassBIsBeaconModeActive	4	static
LoRaMacClassB.c:1355:6:LoRaMacClassBSetPingSlotInfo	16	static
LoRaMacClassB.c:1364:6:LoRaMacClassBHaltBeaconing	4	static
LoRaMacClassB.c:1393:6:LoRaMacClassBResumeBeaconing	4	static
LoRaMacClassB.c:1415:17:LoRaMacClassBSwitchClass	16	static
LoRaMacClassB.c:1440:17:LoRaMacClassBMibGetRequestConfirm	16	static
LoRaMacClassB.c:1464:17:LoRaMacMibClassBSetRequestConfirm	16	static
LoRaMacClassB.c:1489:6:LoRaMacClassBPingSlotInfoAns	4	static
LoRaMacClassB.c:1501:9:LoRaMacClassBPingSlotChannelReq	16	static
LoRaMacClassB.c:1548:6:LoRaMacClassBBeaconTimingAns	16	static
LoRaMacClassB.c:1577:6:LoRaMacClassBDeviceTimeAns	4	static
LoRaMacClassB.c:1613:6:LoRaMacClassBBeaconFreqReq	16	static
LoRaMacClassB.c:1642:13:LoRaMacClassBIsUplinkCollision	16	static
LoRaMacClassB.c:1666:6:LoRaMacClassBStopRxSlots	4	static
LoRaMacClassB.c:1679:6:LoRaMacClassBStartRxSlots	4	static
LoRaMacClassB.c:1695:6:LoRaMacClassBSetMulticastPeriodicity	16	static
LoRaMacClassB.c:1706:6:LoRaMacClassBProcess	4	static
