LoRaMacCommands.c:99:13:IsSlotFree	24	static
LoRaMacCommands.c:118:22:MallocNewMacCommandSlot	16	static
LoRaMacCommands.c:141:13:FreeMacCommandSlot	16	static
LoRaMacCommands.c:161:13:LinkedListInit	16	static
LoRaMacCommands.c:181:13:LinkedListAdd	16	static
LoRaMacCommands.c:216:22:LinkedListGetPrevious	24	static
LoRaMacCommands.c:252:13:LinkedListRemove	24	static
LoRaMacCommands.c:288:13:IsSticky	16	static
LoRaMacCommands.c:305:13:NvmCtxCallback	8	static
LoRaMacCommands.c:313:24:LoRaMacCommandsInit	16	static
LoRaMacCommands.c:326:24:LoRaMacCommandsRestoreNvmCtx	16	static
LoRaMacCommands.c:340:7:LoRaMacCommandsGetNvmCtx	16	static
LoRaMacCommands.c:346:24:LoRaMacCommandsAddCmd	32	static
LoRaMacCommands.c:381:24:LoRaMacCommandsRemoveCmd	16	static
LoRaMacCommands.c:407:24:LoRaMacCommandsGetCmd	24	static
LoRaMacCommands.c:431:24:LoRaMacCommandsRemoveNoneStickyCmds	16	static
LoRaMacCommands.c:459:24:LoRaMacCommandsRemoveStickyAnsCmds	16	static
LoRaMacCommands.c:483:24:LoRaMacCommandsGetSizeSerializedCmds	16	static
LoRaMacCommands.c:493:24:LoRaMacCommandsSerializeCmds	40	static
LoRaMacCommands.c:536:24:LoRaMacCommandsStickyCmdsPending	24	static
LoRaMacCommands.c:562:9:LoRaMacCommandsGetCmdSize	24	static
