LoRaMacCrypto.c:252:30:PayloadEncrypt	64	static
LoRaMacCrypto.c:394:30:PrepareB0	16	static
LoRaMacCrypto.c:459:30:ComputeCmacB0	56	static
LoRaMacCrypto.c:495:30:VerifyCmacB0	320	static
LoRaMacCrypto.c:634:30:GetKeyAddrItem	24	static
LoRaMacCrypto.c:656:30:DeriveSessionKey10x	40	static
LoRaMacCrypto.c:793:30:GetLastFcntDown	16	static
LoRaMacCrypto.c:841:13:CheckFCntDown	24	static
LoRaMacCrypto.c:868:13:UpdateFCntDown	16	static
LoRaMacCrypto.c:904:13:ResetFCnts	8	static
LoRaMacCrypto.c:925:13:DummyCB	4	static
LoRaMacCrypto.c:934:23:LoRaMacCryptoInit	16	static
LoRaMacCrypto.c:964:23:LoRaMacCryptoSetLrWanVersion	16	static
LoRaMacCrypto.c:970:23:LoRaMacCryptoRestoreNvmCtx	16	static
LoRaMacCrypto.c:984:7:LoRaMacCryptoGetNvmCtx	16	static
LoRaMacCrypto.c:990:23:LoRaMacCryptoGetFCntUp	16	static
LoRaMacCrypto.c:1002:23:LoRaMacCryptoGetFCntDown	48	static
LoRaMacCrypto.c:1056:23:LoRaMacCryptoSetMulticastReference	16	static
LoRaMacCrypto.c:1072:23:LoRaMacCryptoSetKey	16	static
LoRaMacCrypto.c:1093:23:LoRaMacCryptoPrepareJoinRequest	32	static
LoRaMacCrypto.c:1224:23:LoRaMacCryptoHandleJoinAccept	96	static
LoRaMacCrypto.c:1379:23:LoRaMacCryptoSecureMessage	56	static
LoRaMacCrypto.c:1483:23:LoRaMacCryptoUnsecureMessage	56	static
LoRaMacCrypto.c:1578:23:LoRaMacCryptoDeriveMcRootKey	32	static
LoRaMacCrypto.c:1599:23:LoRaMacCryptoDeriveMcKEKey	32	static
LoRaMacCrypto.c:1616:23:LoRaMacCryptoDeriveMcSessionKeyPair	56	static
