RegionRU864.c:68:15:GetNextLowerTxDr	24	static
RegionRU864.c:83:17:GetBandwidth	16	static
RegionRU864.c:97:15:LimitTxPower	24	static
RegionRU864.c:107:13:VerifyRfFreq	16	static
RegionRU864.c:123:20:GetTimeOnAir	56	static
RegionRU864.c:140:12:RegionRU864GetPhyParam	24	static
RegionRU864.c:333:6:RegionRU864SetBandTxDone	32	static
RegionRU864.c:339:6:RegionRU864InitDefaults	64	static
RegionRU864.c:394:7:RegionRU864GetNvmCtx	16	static
RegionRU864.c:400:6:RegionRU864Verify	16	static
RegionRU864.c:435:6:RegionRU864ApplyCFList	48	static
RegionRU864.c:494:6:RegionRU864ChanMaskSet	16	static
RegionRU864.c:514:6:RegionRU864ComputeRxWindowParameters	40	static
RegionRU864.c:536:6:RegionRU864RxConfig	80	static
RegionRU864.c:595:6:RegionRU864TxConfig	88	static
RegionRU864.c:633:9:RegionRU864LinkAdrReq	88	static
RegionRU864.c:738:9:RegionRU864RxParamSetupReq	24	static
RegionRU864.c:763:9:RegionRU864NewChannelReq	32	static
RegionRU864.c:816:8:RegionRU864TxParamSetupReq	16	static
RegionRU864.c:821:9:RegionRU864DlChannelReq	24	static
RegionRU864.c:846:8:RegionRU864AlternateDr	16	static
RegionRU864.c:851:17:RegionRU864NextChannel	96	static
RegionRU864.c:901:17:RegionRU864ChannelAdd	24	static
RegionRU864.c:960:6:RegionRU864ChannelsRemove	32	static
RegionRU864.c:975:6:RegionRU864SetContinuousWave	24	static
RegionRU864.c:987:9:RegionRU864ApplyDrOffset	24	static
RegionRU864.c:998:6:RegionRU864RxBeaconSetup	40	static
