RegionCN470.c:68:15:GetNextLowerTxDr	24	static
RegionCN470.c:83:17:GetBandwidth	16	static
RegionCN470.c:97:15:LimitTxPower	24	static
RegionCN470.c:107:13:VerifyRfFreq	16	static
RegionCN470.c:131:20:GetTimeOnAir	48	static
RegionCN470.c:139:12:RegionCN470GetPhyParam	24	static
RegionCN470.c:347:6:RegionCN470SetBandTxDone	32	static
RegionCN470.c:353:6:RegionCN470InitDefaults	40	static
RegionCN470.c:425:7:RegionCN470GetNvmCtx	16	static
RegionCN470.c:431:6:RegionCN470Verify	16	static
RegionCN470.c:463:6:RegionCN470ApplyCFList	24	static
RegionCN470.c:485:6:RegionCN470ChanMaskSet	16	static
RegionCN470.c:505:6:RegionCN470ComputeRxWindowParameters	40	static
RegionCN470.c:520:6:RegionCN470RxConfig	80	static
RegionCN470.c:563:6:RegionCN470TxConfig	80	static
RegionCN470.c:589:9:RegionCN470LinkAdrReq	104	static
RegionCN470.c:686:9:RegionCN470RxParamSetupReq	24	static
RegionCN470.c:711:9:RegionCN470NewChannelReq	16	static
RegionCN470.c:717:8:RegionCN470TxParamSetupReq	16	static
RegionCN470.c:722:9:RegionCN470DlChannelReq	16	static
RegionCN470.c:727:8:RegionCN470AlternateDr	16	static
RegionCN470.c:732:17:RegionCN470NextChannel	184	static
RegionCN470.c:783:17:RegionCN470ChannelAdd	16	static
RegionCN470.c:788:6:RegionCN470ChannelsRemove	16	static
RegionCN470.c:793:6:RegionCN470SetContinuousWave	24	static
RegionCN470.c:805:9:RegionCN470ApplyDrOffset	24	static
RegionCN470.c:816:6:RegionCN470RxBeaconSetup	40	static
