RegionIN865.c:68:15:GetNextLowerTxDr	24	static
RegionIN865.c:87:17:GetBandwidth	16	static
RegionIN865.c:101:15:LimitTxPower	24	static
RegionIN865.c:111:13:VerifyRfFreq	16	static
RegionIN865.c:126:20:GetTimeOnAir	56	static
RegionIN865.c:143:12:RegionIN865GetPhyParam	24	static
RegionIN865.c:336:6:RegionIN865SetBandTxDone	32	static
RegionIN865.c:342:6:RegionIN865InitDefaults	72	static
RegionIN865.c:399:7:RegionIN865GetNvmCtx	16	static
RegionIN865.c:405:6:RegionIN865Verify	16	static
RegionIN865.c:454:6:RegionIN865ApplyCFList	48	static
RegionIN865.c:513:6:RegionIN865ChanMaskSet	16	static
RegionIN865.c:533:6:RegionIN865ComputeRxWindowParameters	40	static
RegionIN865.c:555:6:RegionIN865RxConfig	80	static
RegionIN865.c:613:6:RegionIN865TxConfig	88	static
RegionIN865.c:651:9:RegionIN865LinkAdrReq	88	static
RegionIN865.c:763:9:RegionIN865RxParamSetupReq	24	static
RegionIN865.c:788:9:RegionIN865NewChannelReq	32	static
RegionIN865.c:841:8:RegionIN865TxParamSetupReq	16	static
RegionIN865.c:846:9:RegionIN865DlChannelReq	24	static
RegionIN865.c:871:8:RegionIN865AlternateDr	16	static
RegionIN865.c:876:17:RegionIN865NextChannel	104	static
RegionIN865.c:926:17:RegionIN865ChannelAdd	24	static
RegionIN865.c:985:6:RegionIN865ChannelsRemove	32	static
RegionIN865.c:1000:6:RegionIN865SetContinuousWave	24	static
RegionIN865.c:1012:9:RegionIN865ApplyDrOffset	16	static
RegionIN865.c:1018:6:RegionIN865RxBeaconSetup	40	static
