RegionAS923.c:133:15:GetNextLowerTxDr	24	static
RegionAS923.c:148:17:GetBandwidth	16	static
RegionAS923.c:162:15:LimitTxPower	24	static
RegionAS923.c:172:13:VerifyRfFreq	16	static
RegionAS923.c:187:20:GetTimeOnAir	56	static
RegionAS923.c:204:12:RegionAS923GetPhyParam	24	static
RegionAS923.c:436:6:RegionAS923SetBandTxDone	32	static
RegionAS923.c:442:6:RegionAS923InitDefaults	64	static
RegionAS923.c:497:7:RegionAS923GetNvmCtx	16	static
RegionAS923.c:503:6:RegionAS923Verify	16	static
RegionAS923.c:552:6:RegionAS923ApplyCFList	48	static
RegionAS923.c:611:6:RegionAS923ChanMaskSet	16	static
RegionAS923.c:631:6:RegionAS923ComputeRxWindowParameters	40	static
RegionAS923.c:653:6:RegionAS923RxConfig	80	static
RegionAS923.c:713:6:RegionAS923TxConfig	88	static
RegionAS923.c:751:9:RegionAS923LinkAdrReq	88	static
RegionAS923.c:856:9:RegionAS923RxParamSetupReq	24	static
RegionAS923.c:881:9:RegionAS923NewChannelReq	32	static
RegionAS923.c:934:8:RegionAS923TxParamSetupReq	16	static
RegionAS923.c:940:9:RegionAS923DlChannelReq	24	static
RegionAS923.c:965:8:RegionAS923AlternateDr	16	static
RegionAS923.c:971:17:RegionAS923NextChannel	104	static
RegionAS923.c:1044:17:RegionAS923ChannelAdd	24	static
RegionAS923.c:1103:6:RegionAS923ChannelsRemove	32	static
RegionAS923.c:1118:6:RegionAS923SetContinuousWave	24	static
RegionAS923.c:1130:9:RegionAS923ApplyDrOffset	24	static
RegionAS923.c:1145:6:RegionAS923RxBeaconSetup	40	static
