RegionKR920.c:74:15:GetNextLowerTxDr	24	static
RegionKR920.c:89:15:GetMaxEIRP	16	static
RegionKR920.c:99:17:GetBandwidth	16	static
RegionKR920.c:113:15:LimitTxPower	24	static
RegionKR920.c:123:13:VerifyRfFreq	24	static
RegionKR920.c:147:20:GetTimeOnAir	48	static
RegionKR920.c:155:12:RegionKR920GetPhyParam	24	static
RegionKR920.c:352:6:RegionKR920SetBandTxDone	32	static
RegionKR920.c:358:6:RegionKR920InitDefaults	72	static
RegionKR920.c:415:7:RegionKR920GetNvmCtx	16	static
RegionKR920.c:421:6:RegionKR920Verify	16	static
RegionKR920.c:456:6:RegionKR920ApplyCFList	48	static
RegionKR920.c:515:6:RegionKR920ChanMaskSet	16	static
RegionKR920.c:535:6:RegionKR920ComputeRxWindowParameters	40	static
RegionKR920.c:550:6:RegionKR920RxConfig	80	static
RegionKR920.c:599:6:RegionKR920TxConfig	88	static
RegionKR920.c:631:9:RegionKR920LinkAdrReq	88	static
RegionKR920.c:736:9:RegionKR920RxParamSetupReq	24	static
RegionKR920.c:761:9:RegionKR920NewChannelReq	32	static
RegionKR920.c:814:8:RegionKR920TxParamSetupReq	16	static
RegionKR920.c:819:9:RegionKR920DlChannelReq	24	static
RegionKR920.c:844:8:RegionKR920AlternateDr	16	static
RegionKR920.c:849:17:RegionKR920NextChannel	120	static
RegionKR920.c:915:17:RegionKR920ChannelAdd	24	static
RegionKR920.c:974:6:RegionKR920ChannelsRemove	32	static
RegionKR920.c:989:6:RegionKR920SetContinuousWave	32	static
RegionKR920.c:1006:9:RegionKR920ApplyDrOffset	24	static
RegionKR920.c:1017:6:RegionKR920RxBeaconSetup	40	static
