RegionEU868.c:68:15:GetNextLowerTxDr	24	static
RegionEU868.c:83:17:GetBandwidth	16	static
RegionEU868.c:97:15:LimitTxPower	24	static
RegionEU868.c:107:13:VerifyRfFreq	16	static
RegionEU868.c:147:20:GetTimeOnAir	56	static
RegionEU868.c:164:12:RegionEU868GetPhyParam	24	static
RegionEU868.c:357:6:RegionEU868SetBandTxDone	32	static
RegionEU868.c:363:6:RegionEU868InitDefaults	176	static
RegionEU868.c:425:7:RegionEU868GetNvmCtx	16	static
RegionEU868.c:431:6:RegionEU868Verify	24	static
RegionEU868.c:467:6:RegionEU868ApplyCFList	48	static
RegionEU868.c:526:6:RegionEU868ChanMaskSet	16	static
RegionEU868.c:546:6:RegionEU868ComputeRxWindowParameters	40	static
RegionEU868.c:568:6:RegionEU868RxConfig	80	static
RegionEU868.c:627:6:RegionEU868TxConfig	88	static
RegionEU868.c:665:9:RegionEU868LinkAdrReq	88	static
RegionEU868.c:770:9:RegionEU868RxParamSetupReq	24	static
RegionEU868.c:796:9:RegionEU868NewChannelReq	32	static
RegionEU868.c:849:8:RegionEU868TxParamSetupReq	16	static
RegionEU868.c:854:9:RegionEU868DlChannelReq	24	static
RegionEU868.c:880:8:RegionEU868AlternateDr	16	static
RegionEU868.c:885:17:RegionEU868NextChannel	104	static
RegionEU868.c:935:17:RegionEU868ChannelAdd	24	static
RegionEU868.c:995:6:RegionEU868ChannelsRemove	32	static
RegionEU868.c:1010:6:RegionEU868SetContinuousWave	24	static
RegionEU868.c:1022:9:RegionEU868ApplyDrOffset	24	static
RegionEU868.c:1033:6:RegionEU868RxBeaconSetup	40	static
