RegionUS915.c:83:15:GetNextLowerTxDr	24	static
RegionUS915.c:109:24:FindAvailable125kHzChannels	32	static
RegionUS915.c:141:24:ComputeNext125kHzJoinChannel	40	static
RegionUS915.c:198:17:GetBandwidth	16	static
RegionUS915.c:212:15:LimitTxPower	24	static
RegionUS915.c:233:13:VerifyRfFreq	16	static
RegionUS915.c:257:20:GetTimeOnAir	48	static
RegionUS915.c:265:12:RegionUS915GetPhyParam	24	static
RegionUS915.c:473:6:RegionUS915SetBandTxDone	32	static
RegionUS915.c:479:6:RegionUS915InitDefaults	40	static
RegionUS915.c:571:7:RegionUS915GetNvmCtx	16	static
RegionUS915.c:577:6:RegionUS915Verify	16	static
RegionUS915.c:612:6:RegionUS915ApplyCFList	24	static
RegionUS915.c:640:6:RegionUS915ChanMaskSet	24	static
RegionUS915.c:677:6:RegionUS915ComputeRxWindowParameters	40	static
RegionUS915.c:692:6:RegionUS915RxConfig	80	static
RegionUS915.c:735:6:RegionUS915TxConfig	88	static
RegionUS915.c:763:9:RegionUS915LinkAdrReq	104	static
RegionUS915.c:924:9:RegionUS915RxParamSetupReq	24	static
RegionUS915.c:954:9:RegionUS915NewChannelReq	16	static
RegionUS915.c:960:8:RegionUS915TxParamSetupReq	16	static
RegionUS915.c:965:9:RegionUS915DlChannelReq	16	static
RegionUS915.c:970:8:RegionUS915AlternateDr	16	static
RegionUS915.c:995:17:RegionUS915NextChannel	168	static
RegionUS915.c:1086:17:RegionUS915ChannelAdd	16	static
RegionUS915.c:1091:6:RegionUS915ChannelsRemove	16	static
RegionUS915.c:1096:6:RegionUS915SetContinuousWave	24	static
RegionUS915.c:1108:9:RegionUS915ApplyDrOffset	24	static
RegionUS915.c:1119:6:RegionUS915RxBeaconSetup	40	static
