Region.c:554:6:RegionIsActive	16	static
Region.c:575:12:RegionGetPhyParam	24	static
Region.c:597:6:RegionSetBandTxDone	16	static
Region.c:618:6:RegionInitDefaults	16	static
Region.c:639:7:RegionGetNvmCtx	16	static
Region.c:660:6:RegionVerify	16	static
Region.c:681:6:RegionApplyCFList	16	static
Region.c:702:6:RegionChanMaskSet	16	static
Region.c:723:6:RegionComputeRxWindowParameters	16	static
Region.c:744:6:RegionRxConfig	24	static
Region.c:765:6:RegionTxConfig	24	static
Region.c:786:9:RegionLinkAdrReq	32	static
Region.c:807:9:RegionRxParamSetupReq	16	static
Region.c:828:9:RegionNewChannelReq	16	static
Region.c:849:8:RegionTxParamSetupReq	16	static
Region.c:870:9:RegionDlChannelReq	16	static
Region.c:891:8:RegionAlternateDr	16	static
Region.c:912:17:RegionNextChannel	24	static
Region.c:933:17:RegionChannelAdd	16	static
Region.c:954:6:RegionChannelsRemove	16	static
Region.c:975:6:RegionSetContinuousWave	16	static
Region.c:996:9:RegionApplyDrOffset	24	static
Region.c:1017:6:RegionRxBeaconSetup	24	static
Region.c:1038:11:RegionGetVersion	16	static
